		; Boot Module for GIDE
			maclib	ram
**** ram.lib ****
**** bgide.asm ****
			maclib	core
**** core.lib ****
**** bgide.asm ****
			maclib	z80
**** z80.lib ****
**** bgide.asm ****
		
0080          	GIDE$BA	equ	80h		; GIDE base port
0088          	GIDE$DA	equ	GIDE$BA+8	; GIDE data port
0089          	GIDE$ER	equ	GIDE$BA+9	; GIDE error register (read)
0089          	GIDE$FR	equ	GIDE$BA+9	; GIDE feature register (write)
008A          	GIDE$SC	equ	GIDE$BA+10	; GIDE sector count
008B          	GIDE$SE	equ	GIDE$BA+11	; GIDE sector number
008C          	GIDE$CL	equ	GIDE$BA+12	; GIDE cylinder low
008D          	GIDE$CH	equ	GIDE$BA+13	; GIDE cylinder high
008E          	GIDE$DH	equ	GIDE$BA+14	; GIDE drive/head
008F          	GIDE$CS	equ	GIDE$BA+15	; GIDE command/status
		
0046          	drv0	equ	70
0002          	ndrv	equ	2
		
1000          		org	1000h
1000  01      	first:	db	HIGH (last-first)	; +0: num pages
1001  10      		db	HIGH first		; +1: ORG page
1002  4602    		db	drv0,ndrv	; +2,+3: phy drv base, num
		
1004  C31510  		jmp	init	; +4: init entry
1007  C31710  		jmp	boot	; +7: boot entry
		
100A  58      		db	'X'	; +10: Boot command letter
100B  04      		db	4	; +11: front panel key
100C  80      		db	80h	; +12: port, 0 if variable
100D  F3C28C  		db	11110011b,11000010b,10001100b	; +13: FP display ("IdE")
1010  47494445		db	'GIDE',0	; +16: mnemonic string
      00
		
1015  AF      	init:	xra	a	; NC
1016  C9      		ret
		
1017          	boot:
			; Partition is passed to bootloader, but we need
			; segment offset before we can start.
			; stack: retL, retH, str0, str1, ...
1017  210200  		lxi	h,2
101A  39      		dad	sp
101B  EB      		xchg		; DE=string
101C  210000  		lxi	h,0	; def seg/lun
101F  225821  		shld	l2156h+2
1022  225A21  		shld	l2156h+4
1025  3A3121  		lda	AIO$UNI	; 0000000d
1028  07      		rlc
1029  07      		rlc
102A  07      		rlc
102B  07      		rlc		; 000d0000
102C  6F      		mov	l,a	; no overlap with segment
102D  3E46    		mvi	a,drv0
102F  323420  		sta	l2034h	; pre-loader expects 70-78 for partn
1032  1A      		ldax	d
1033  13      		inx	d
1034  FEC3    		cpi	0c3h	; JMP means no string present
1036  2820    		jrz	nostr
1038  CD9710  		call	trydig
103B  300F    		jrnc	gotdig
103D  CDA610  		call	tryltr
1040  D8      		rc
1041  1A      		ldax	d
1042  13      		inx	d
1043  B7      		ora	a
1044  2812    		jrz	gotit
1046  CD9710  		call	trydig
1049  D8      		rc
104A  1809    		jr	chkend
104C  1A      	gotdig:	ldax	d
104D  13      		inx	d
104E  B7      		ora	a
104F  2807    		jrz	gotit
1051  CDA610  		call	tryltr
1054  D8      		rc
1055  1A      	chkend:	ldax	d
1056  B7      		ora	a
1057  C0      		rnz	; max two chars
1058          	gotit:
1058  225621  	nostr:	shld	l2156h	; l2156h[0]=DRV|27:24, l2156h[1]=23:16
105B  AF      		xra	a
105C  D389    		out	GIDE$FR	; needed after power-on?
105E  7D      		mov	a,l
105F  F6E0    		ori	11100000b	; LBA mode + std "1" bits
1061  D38E    		out	GIDE$DH	; LBA 27:4, drive 0, LBA mode
1063  7C      		mov	a,h
1064  D38D    		out	GIDE$CH	; LBA 23:16
1066  AF      		xra	a
1067  D38C    		out	GIDE$CL	; LBA 15:8
1069  D38B    		out	GIDE$SE	; LBA 7:0
106B  3E0A    		mvi	a,10
106D  D38A    		out	GIDE$SC	; 10 sectors (standard boot length)
106F  3E20    		mvi	a,20h	; READ SECTORS
1071  D38F    		out	GIDE$CS
1073  218022  		lxi	h,bootbf
1076  0E88    		mvi	c,GIDE$DA
1078  1E0A    		mvi	e,10
107A  0600    		mvi	b,0	; should always be 0 after inir
107C          	bgide0:
107C  DB8F    		in	GIDE$CS
107E  CB7F    		bit	7,a	; busy
1080  20FA    		jrnz	bgide0
1082  CB47    		bit	0,a	; error
1084  C0      		rnz
1085  CB77    		bit	6,a	; ready
1087  C8      		rz
1088  CB5F    		bit	3,a	; DRQ
108A  28F0    		jrz	bgide0
108C  EDB2    		inir	; 256 bytes
108E  EDB2    		inir	; 512 bytes
1090  1D      		dcr	e
1091  20E9    		jrnz	bgide0
			; final status check?
1093  E1      		pop	h	; adj stack for possible string
1094  C33B00  		jmp	hwboot
		
1097          	trydig:
1097  FE30    		cpi	'0'	; digit?
1099  D8      		rc	; error
109A  FE3A    		cpi	'9'+1	; max 9 partitions
109C  3F      		cmc
109D  D8      		rc	; error - or letter
109E  D630    		sui	'0'
10A0  C646    		adi	drv0
10A2  323420  		sta	l2034h	; pre-loader expects 70-78 for partn
10A5  C9      		ret
		
10A6          	tryltr:
10A6  FE41    		cpi	'A'
10A8  D8      		rc	; error - or digit
10A9  E65F    		ani	5fh	; toupper
10AB  D641    		sui	'A'	; 000sssss
10AD  FE1A    		cpi	26
10AF  3F      		cmc
10B0  D8      		rc
10B1  07      		rlc
10B2  07      		rlc
10B3  07      		rlc		; sssss000
10B4  67      		mov	h,a	; no overlap with DRV
10B5  C9      		ret
		
10B6  FFFFFFFF		rept	(($+0ffh) and 0ff00h)-$
      FFFFFFFF
      FFFFFFFF
      FFFFFFFF
      FFFFFFFF
      FFFFFFFF
      FFFFFFFF
      FFFFFFFF
      FFFFFFFF
      FFFFFFFF
      FFFFFFFF
      FFFFFFFF
      FFFFFFFF
      FFFFFFFF
      FFFFFFFF
      FFFFFFFF
      FFFFFFFF
      FFFFFFFF
      FFFF
0000          	if ($ > 1800h)
		endif
		
1100          	last:	end



Statistics:

     4	passes
     0	jr promotions
   102	symbols
   256	bytes

   104	macro calls
  3759	macro bytes
     0	invented symbols
