		; Boot Module for VDIP1 (USB thumb drive)
		; TODO: make port variable?
		
00D8          	vdip1	equ	0d8h	; assume part of Z80-DUART
		
			maclib	ram
**** ram.lib ****
**** bvdip1.asm ****
			maclib	core
**** core.lib ****
**** bvdip1.asm ****
			maclib	z80
**** z80.lib ****
**** bvdip1.asm ****
		
000D          	CR	equ	13
2280          	bbuf:	equ	2280h
2300          	vdbuf	equ	2300h
2380          	vdscr	equ	2380h
		
1000          		org	1000h
1000  02      	first:	db	HIGH (last-first)	; +0: num pages
1001  10      		db	HIGH first		; +1: ORG page
1002  2901    		db	41,1	; +2,+3: phy drv base, num
		
1004  C31A10  		jmp	init	; +4: init entry
1007  C32110  		jmp	boot	; +7: boot entry
		
100A  56      		db	'V'	; +10: Boot command letter
100B  06      		db	6	; +11: front panel key
100C  D8      		db	vdip1	; +12: port, 0 if variable
100D  83A486  		db	10000011b,10100100b,10000110b	; +13: FP display ("USb")
1010  56444950		db	'VDIP1',0	; +16: mnemonic string
      3100
		
1016  2E737973	sfx:	db	'.sys'
0004          	sfxlen	equ	$-sfx
		
101A          	init:
101A  CD7A11  		call	runout
101D  CD5911  		call	sync
1020  C9      		ret	; pass/fail based on CY
		
1021          	boot:
1021  21EF10  		lxi	h,opr
1024  110023  		lxi	d,vdbuf
1027  CD1711  		call	strcpy
102A  218022  		lxi	h,bbuf	; possible string here
102D  7E      		mov	a,m
102E  FEC3    		cpi	0c3h	; JMP means no string
1030  2826    		jrz	boot5
			; else, A=str len
1032  4F      		mov	c,a
1033  0600    		mvi	b,0
1035  23      		inx	h
1036  7E      	xx0:	mov	a,m
1037  12      		stax	d
1038  B7      		ora	a
1039  2810    		jrz	xx1
103B  FE20    		cpi	' '	; possible command options follow
103D  280C    		jrz	xx1
103F  D62E    		sui	'.'	; 00:(A=='.')
1041  D601    		sui	1	; CY:==, NC:<>
1043  9F      		sbb	a	; FF:=='.', 00:<>'.'
1044  B0      		ora	b	; B=true if any '.' seen
1045  47      		mov	b,a
1046  23      		inx	h
1047  13      		inx	d
1048  0D      		dcr	c
1049  20EB    		jrnz	xx0
104B  04      	xx1:	inr	b
104C  2810    		jrz	boot6	; saw a '.', don't append '.sys'
104E  211610  		lxi	h,sfx
1051  010400  		lxi	b,sfxlen
1054  EDB0    		ldir
1056  1806    		jr	boot6
1058  21E310  	boot5:	lxi	h,defbt
105B  CD1711  		call	strcpy
105E  3E0D    	boot6:	mvi	a,CR
1060  12      		stax	d
1061  210023  		lxi	h,vdbuf
1064  CD2B11  		call	vdcmd	; open file
1067  D8      		rc	; no cleanup at this point
1068  218023  		lxi	h,vdscr
106B  CD3D11  		call	vdrd
106E  3851    		jrc	bootx
			; TODO: get load parameters..
1070  2A8023  		lhld	vdscr
1073  22F410  		shld	memtop
1076  2A8223  		lhld	vdscr+2
1079  22F610  		shld	bnktop
107C  2A8423  		lhld	vdscr+4
107F  22F810  		shld	entry
1082  3A9023  		lda	vdscr+16	; ORG0 flag - don't care?
1085  32FA10  		sta	copy
1088  218023  		lxi	h,vdscr
108B  CD3D11  		call	vdrd
108E  3831    		jrc	bootx
1090  118023  		lxi	d,vdscr	; load message
1093  CDFB10  		call	print
1096  3AF510  		lda	comlen
1099  B7      		ora	a
109A  2808    		jrz	boot1
109C  57      		mov	d,a
109D  3AF410  		lda	memtop
10A0  CDC810  		call	loadit
10A3  D8      		rc
10A4  3AF710  	boot1:	lda	bnklen
10A7  B7      		ora	a
10A8  2808    		jrz	boot2
10AA  57      		mov	d,a
10AB  3AF610  		lda	bnktop
10AE  CDC810  		call	loadit
10B1  D8      		rc
10B2          	boot2:	; ready to go?
10B2  CDC110  		call	bootx	; close file
			; cleanup clocks...
10B5  F3      		di
10B6  3E9F    		mvi	a,10011111b	; H8 2mS off, display blank
10B8  320920  		sta	ctl$F0
10BB  D3F0    		out	0f0h
			; already at ORG0... H89 2mS already off?
10BD  2AF810  		lhld	entry
10C0  E9      		pchl
		
10C1          	bootx:	; exit boot on error, must close file
10C1  21DF10  		lxi	h,clf
10C4  CD2B11  		call	vdcmd
10C7  C9      		ret
		
		; A=top page (might be 0 for 64K)
		; D=num pages
10C8  67      	loadit:	mov	h,a
10C9  2E00    		mvi	l,0	; HL=top address
10CB  B7      		ora	a
10CC  CB12    		ralr	d	; num records
10CE          	load0:
10CE  0180FF  		lxi	b,-128
10D1  09      		dad	b
10D2  E5      		push	h
10D3  D5      		push	d
10D4  CD3D11  		call	vdrd
10D7  D1      		pop	d
10D8  E1      		pop	h
10D9  D8      		rc		; error
10DA  15      		dcr	d
10DB  20F1    		jrnz	load0
10DD  B7      		ora	a	; NC
10DE  C9      		ret
		
10DF  636C660D	clf:	db	'clf',CR
10E3  64656662	defbt:	db	'defboot.sys',0	; default boot file
      6F6F742E
      73797300
10EF  6F707220	opr:	db	'opr ',0	; command segment
      00
		
10F4  00      	memtop:	db	0
10F5  00      	comlen:	db	0
10F6  00      	bnktop:	db	0
10F7  00      	bnklen:	db	0
10F8  0000    	entry:	dw	0
		; don't care about cfgtbl?
10FA  00      	copy:	db	0	; 'C' if ORG0 required
		
		; BDOS-style print function
		; DE=message, '$' terminated
10FB  1A      	print:	ldax	d
10FC  FE24    		cpi	'$'
10FE  C8      		rz
10FF  CD0511  		call	outcon
1102  13      		inx	d
1103  18F6    		jr	print
		
1105  2A2600  	outcon:	lhld	conout
1108  E9      		pchl
		
			maclib	vdip1
**** vdip1.lib ****
**** bvdip1.asm ****
		
11DB  FFFFFFFF		rept	(($+0ffh) and 0ff00h)-$
      FFFFFFFF
      FFFFFFFF
      FFFFFFFF
      FFFFFFFF
      FFFFFFFF
      FFFFFFFF
      FFFFFFFF
      FFFFFFFF
      FF
0000          	if ($ > 1800h)
		endif
		
1200          	last:	end



Statistics:

     4	passes
     0	jr promotions
   122	symbols
   512	bytes

   120	macro calls
  3759	macro bytes
     0	invented symbols
