		; Command module for FP clock display
		
			maclib	core
**** core.lib ****
**** cclock.asm ****
			maclib	ram
**** ram.lib ****
**** cclock.asm ****
			maclib	z80
**** z80.lib ****
**** cclock.asm ****
		
000D          	CR	equ	13
000A          	LF	equ	10
0003          	CTLC	equ	3
		
00A0          	rtc	equ	0a0h	; standard port address
		
1000          		org	1000h
1000  01      	first:	db	HIGH (last-first)	; +0: num pages
1001  10      		db	HIGH first		; +1: ORG page
1002  FF00    		db	255,0	; +2,+3: phy drv base, num
		
1004  C32110  		jmp	init	; +4: init entry
1007  C32910  		jmp	exec	; +7: action entry
		
100A  63      		db	'c'	; +10: Command letter
100B  FF      		db	-1	; +11: front panel key
100C  00      		db	0	; +12: port, 0 if variable
100D  FFFFFF  		db	11111111b,11111111b,11111111b	; +13: FP display
1010  46502043		db	'FP Clock Display',0	; +16: mnemonic string
      6C6F636B
      20446973
      706C6179
      00
		
1021          	init:
1021  DBAF    		in	rtc+15
1023  F604    		ori	00000100b ; 24-hour format
1025  D3AF    		out	rtc+15
			; more to init?
1027  AF      		xra	a	; NC
1028  C9      		ret
		
1029          	exec:
1029  21D410  		lxi	h,signon
102C  CD4400  		call	msgout
102F  3A0820  		lda	MFlag
1032  F602    		ori	00000010b	; disable disp updates
1034  320820  		sta	MFlag
		
1037          	clock:
1037  CD9E10  		call	gettime
103A  21CE10  		lxi	h,time
103D  3ACD10  		lda	lastsec
1040  BE      		cmp	m
1041  C46E10  		cnz	show	; HL=time
			; delay a bit, do not always keep RTC in HOLD
1044  211B20  		lxi	h,ticcnt
1047  3E32    		mvi	a,50	; 100mS
1049  86      		add	m
104A  4F      		mov	c,a
104B  CD6210  	wait0:	call	chkabort
104E  3806    		jrc	fin
1050  7E      		mov	a,m
1051  B9      		cmp	c
1052  20F7    		jrnz	wait0
1054  18E1    		jr	clock
		
1056  CD1B00  	fin:	call	crlf
1059  3A0820  		lda	MFlag
105C  E6FD    		ani	11111101b	; enable disp updates
105E  320820  		sta	MFlag
1061  C9      		ret
		
1062          	chkabort:
1062  DBED    		in	0edh
1064  E601    		ani	1
1066  C8      		rz
1067  DBE8    		in	0e8h
1069  FE03    		cpi	CTLC
106B  C0      		rnz
106C  37      		stc
106D  C9      		ret
		
		; HL=time[0]
106E          	show:
106E  7E      		mov	a,m	; seconds LSD
106F  32CD10  		sta	lastsec
1072  111320  		lxi	d,fpLeds+8
1075  0606    		mvi	b,6
1077  7E      	show0:	mov	a,m
1078  E5      		push	h
1079  219410  		lxi	h,fpdig
107C  85      		add	l
107D  6F      		mov	l,a
107E  3001    		jrnc	show2
1080  24      		inr	h
1081  7E      	show2:	mov	a,m
1082  12      		stax	d
1083  E1      		pop	h
1084  23      		inx	h
1085  1B      		dcx	d
1086  05      		dcr	b
1087  CB40    		bit	0,b
1089  2004    		jrnz	show1
108B  3E7F    		mvi	a,01111111b	; " ."
108D  12      		stax	d
108E  1B      		dcx	d
108F  78      	show1:	mov	a,b
1090  B7      		ora	a
1091  20E4    		jrnz	show0
1093  C9      		ret
		
1094          	fpdig:	
1094  81      		db	10000001b	; "0"
1095  F3      		db	11110011b	; "1"
1096  C8      		db	11001000b	; "2"
1097  E0      		db	11100000b	; "3"
1098  B2      		db	10110010b	; "4"
1099  A4      		db	10100100b	; "5"
109A  84      		db	10000100b	; "6"
109B  F1      		db	11110001b	; "7"
109C  80      		db	10000000b	; "8"
109D  A0      		db	10100000b	; "9"
		
109E          	gettime:
109E  CDB510  		call	hold
10A1  21CE10  		lxi	h,time
10A4  0E9F    		mvi	c,rtc-1
10A6  0606    		mvi	b,6
10A8  0C      	gettm0:	inr	c
10A9  ED78    		inp	a
10AB  E60F    		ani	0fh
10AD  77      		mov	m,a
10AE  23      		inx	h
10AF  10F7    		djnz	gettm0
10B1  CDC610  		call	unhold
10B4  C9      		ret
		
10B5  DBAD    	hold:	in	rtc+13
10B7  F601    		ori	0001b	; HOLD
10B9  D3AD    		out	rtc+13
10BB  DBAD    		in	rtc+13
10BD  E602    		ani	0010b	; BUSY
10BF  C8      		rz
10C0  E60E    		ani	00001110b
10C2  D3AD    		out	rtc+13
			; TODO: pause?
10C4  18EF    		jr	hold
		
10C6  DBAD    	unhold:	in	rtc+13
10C8  E6FE    		ani	11111110b
10CA  D3AD    		out	rtc+13
10CC  C9      		ret
		
10CD          	lastsec:
10CD  FF      		db	0ffh
		
10CE  00000000	time:	db	0,0,0,0,0,0	;1sec,10sec,1min,10min,1hr,10hr
      0000
		
10D4  20465020	signon:	db	' FP clock',CR,LF
      636C6F63
      6B0D0A
10DF  43746C2D		db	'Ctl-C to quit ',0
      4320746F
      20717569
      742000
		
10EE  FFFFFFFF		rept	(($+0ffh) and 0ff00h)-$
      FFFFFFFF
      FFFFFFFF
      FFFFFFFF
      FFFF
		
1100          	last:	end



Statistics:

     4	passes
     0	jr promotions
   103	symbols
   256	bytes

    44	macro calls
  3759	macro bytes
     0	invented symbols
