		; Command module for FP clock display
		
			maclib	core
**** core.lib ****
**** cclock.asm ****
			maclib	ram
**** ram.lib ****
**** cclock.asm ****
			maclib	z80
**** z80.lib ****
**** cclock.asm ****
		
000D          	CR	equ	13
000A          	LF	equ	10
0003          	CTLC	equ	3
		
00A0          	rtc	equ	0a0h	; standard port address
		
1000          		org	1000h
1000  01      	first:	db	HIGH (last-first)	; +0: num pages
1001  10      		db	HIGH first		; +1: ORG page
1002  FF00    		db	255,0	; +2,+3: phy drv base, num
		
1004  C31610  		jmp	init	; +4: init entry
1007  C31E10  		jmp	exec	; +7: action entry
		
100A  63      		db	'c'	; +10: Command letter
100B  FF      		db	-1	; +11: front panel key
100C  00      		db	0	; +12: port, 0 if variable
100D  FFFFFF  		db	11111111b,11111111b,11111111b	; +13: FP display
1010  436C6F63		db	'Clock',0	; +16: mnemonic string
      6B00
		
1016          	init:
1016  DBAF    		in	rtc+15
1018  F604    		ori	00000100b ; 24-hour format
101A  D3AF    		out	rtc+15
			; more to init?
101C  AF      		xra	a	; NC
101D  C9      		ret
		
101E          	exec:
101E  21C910  		lxi	h,signon
1021  CD4400  		call	msgout
1024  3A0820  		lda	MFlag
1027  F602    		ori	00000010b	; disable disp updates
1029  320820  		sta	MFlag
		
102C          	clock:
102C  CD9310  		call	gettime
102F  21C310  		lxi	h,time
1032  3AC210  		lda	lastsec
1035  BE      		cmp	m
1036  C46310  		cnz	show	; HL=time
			; delay a bit, do not always keep RTC in HOLD
1039  211B20  		lxi	h,ticcnt
103C  3E32    		mvi	a,50	; 100mS
103E  86      		add	m
103F  4F      		mov	c,a
1040  CD5710  	wait0:	call	chkabort
1043  3806    		jrc	fin
1045  7E      		mov	a,m
1046  B9      		cmp	c
1047  20F7    		jrnz	wait0
1049  18E1    		jr	clock
		
104B  CD1B00  	fin:	call	crlf
104E  3A0820  		lda	MFlag
1051  E6FD    		ani	11111101b	; enable disp updates
1053  320820  		sta	MFlag
1056  C9      		ret
		
1057          	chkabort:
1057  DBED    		in	0edh
1059  E601    		ani	1
105B  C8      		rz
105C  DBE8    		in	0e8h
105E  FE03    		cpi	CTLC
1060  C0      		rnz
1061  37      		stc
1062  C9      		ret
		
		; HL=time[0]
1063          	show:
1063  7E      		mov	a,m	; seconds LSD
1064  32C210  		sta	lastsec
1067  111320  		lxi	d,fpLeds+8
106A  0606    		mvi	b,6
106C  7E      	show0:	mov	a,m
106D  E5      		push	h
106E  218910  		lxi	h,fpdig
1071  85      		add	l
1072  6F      		mov	l,a
1073  3001    		jrnc	show2
1075  24      		inr	h
1076  7E      	show2:	mov	a,m
1077  12      		stax	d
1078  E1      		pop	h
1079  23      		inx	h
107A  1B      		dcx	d
107B  05      		dcr	b
107C  CB40    		bit	0,b
107E  2004    		jrnz	show1
1080  3E7F    		mvi	a,01111111b	; " ."
1082  12      		stax	d
1083  1B      		dcx	d
1084  78      	show1:	mov	a,b
1085  B7      		ora	a
1086  20E4    		jrnz	show0
1088  C9      		ret
		
1089          	fpdig:	
1089  81      		db	10000001b	; "0"
108A  F3      		db	11110011b	; "1"
108B  C8      		db	11001000b	; "2"
108C  E0      		db	11100000b	; "3"
108D  B2      		db	10110010b	; "4"
108E  A4      		db	10100100b	; "5"
108F  84      		db	10000100b	; "6"
1090  F1      		db	11110001b	; "7"
1091  80      		db	10000000b	; "8"
1092  A0      		db	10100000b	; "9"
		
1093          	gettime:
1093  CDAA10  		call	hold
1096  21C310  		lxi	h,time
1099  0E9F    		mvi	c,rtc-1
109B  0606    		mvi	b,6
109D  0C      	gettm0:	inr	c
109E  ED78    		inp	a
10A0  E60F    		ani	0fh
10A2  77      		mov	m,a
10A3  23      		inx	h
10A4  10F7    		djnz	gettm0
10A6  CDBB10  		call	unhold
10A9  C9      		ret
		
10AA  DBAD    	hold:	in	rtc+13
10AC  F601    		ori	0001b	; HOLD
10AE  D3AD    		out	rtc+13
10B0  DBAD    		in	rtc+13
10B2  E602    		ani	0010b	; BUSY
10B4  C8      		rz
10B5  E60E    		ani	00001110b
10B7  D3AD    		out	rtc+13
			; TODO: pause?
10B9  18EF    		jr	hold
		
10BB  DBAD    	unhold:	in	rtc+13
10BD  E6FE    		ani	11111110b
10BF  D3AD    		out	rtc+13
10C1  C9      		ret
		
10C2          	lastsec:
10C2  FF      		db	0ffh
		
10C3  00000000	time:	db	0,0,0,0,0,0	;1sec,10sec,1min,10min,1hr,10hr
      0000
		
10C9  20465020	signon:	db	' FP clock',CR,LF
      636C6F63
      6B0D0A
10D4  43746C2D		db	'Ctl-C to quit ',0
      4320746F
      20717569
      742000
		
10E3  FFFFFFFF		rept	(($+0ffh) and 0ff00h)-$
      FFFFFFFF
      FFFFFFFF
      FFFFFFFF
      FFFFFFFF
      FFFFFFFF
      FFFFFFFF
      FF
		
1100          	last:	end



Statistics:

     4	passes
     0	jr promotions
    94	symbols
   256	bytes

    55	macro calls
  3759	macro bytes
     0	invented symbols
