		;;;;;;;;;;;;;;;;;;;;;;;;;;;;;;;;;;;;;;;;;;;;;;;;;;;;;;;;;;
		; Terminal mode - shuttle I/O between H19 and serial port
		; since both ports operate at the same speed, don't need
		; to check ready as often.
		
			maclib	ram
**** ram.lib ****
**** cterm.asm ****
			maclib	core
**** core.lib ****
**** cterm.asm ****
			maclib	z80
**** z80.lib ****
**** cterm.asm ****
		
000D          	CR	equ	13
007F          	DEL	equ	127
		
1000          		org	1000h
1000  01      	first:	db	HIGH (last-first)	; +0: num pages
1001  10      		db	HIGH first		; +1: ORG page
1002  FF00    		db	255,0	; +2,+3: phy drv base, num
		
1004  C31E10  		jmp	init	; +4: init entry
1007  C32010  		jmp	exec	; +7: action entry
		
100A  54      		db	'T'	; +10: Command letter
100B  FF      		db	-1	; +11: front panel key
100C  00      		db	0	; +12: port, 0 if variable
100D  FFFFFF  		db	11111111b,11111111b,11111111b	; +13: FP display
1010  5465726D		db	'Terminal mode',0	; +16: mnemonic string
      696E616C
      206D6F64
      6500
		
101E  AF      	init:	xra	a
101F  C9      		ret
		
1020          	exec:
1020  217710  		lxi	h,terms
1023  CD4400  		call	msgout
1026  CD6B10  		call	waitcr
1029  CD1B00  		call	crlf
102C          	termfl:
102C  DBED    		in	0edh
102E  E660    		ani	01100000b
1030  FE60    		cpi	01100000b
1032  20F8    		jrnz	termfl	; wait for output to flush
1034  DBEB    		in	0ebh
1036  F680    		ori	10000000b
1038  D3EB    		out	0ebh
103A  D3DB    		out	0dbh
103C  DBE8    		in	0e8h
103E  D3D8    		out	0d8h
1040  DBE9    		in	0e9h
1042  D3D9    		out	0d9h
1044  DBEB    		in	0ebh
1046  E67F    		ani	01111111b
1048  D3EB    		out	0ebh
104A  D3DB    		out	0dbh
104C  AF      		xra	a
104D  D3D9    		out	0d9h
104F  DBD8    		in	0d8h
1051  3E0F    		mvi	a,00fh
1053  D3DC    		out	0dch
1055          	termlp:
1055  DBDD    		in	0ddh
1057  E601    		ani	00000001b
1059  2804    		jrz	terml0
105B  DBD8    		in	0d8h
105D  D3E8    		out	0e8h
105F          	terml0:
105F  DBED    		in	0edh
1061  E601    		ani	00000001b
1063  28F0    		jrz	termlp
1065  DBE8    		in	0e8h
1067  D3D8    		out	0d8h
1069  18EA    		jr	termlp
		
106B          	waitcr:
106B  CD4A00  		call	conin
106E  FE0D    		cpi	CR
1070  C8      		rz
1071  FE7F    		cpi	DEL
1073  20F6    		jrnz	waitcr
1075  E1      		pop	h	; discard ret adr
1076  C9      		ret		; return to monitor
		
1077  65726D69	terms:	db	'erminal Mode',0
      6E616C20
      4D6F6465
      00
		
1084  FFFFFFFF		rept	(($+0ffh) and 0ff00h)-$
      FFFFFFFF
      FFFFFFFF
      FFFFFFFF
      FFFFFFFF
      FFFFFFFF
      FFFFFFFF
      FFFFFFFF
      FFFFFFFF
      FFFFFFFF
      FFFFFFFF
      FFFFFFFF
      FFFFFFFF
      FFFFFFFF
      FFFFFFFF
      FFFFFFFF
      FFFFFFFF
      FFFFFFFF
      FFFFFFFF
      FFFFFFFF
      FFFFFFFF
      FFFFFFFF
      FFFFFFFF
      FFFFFFFF
      FFFFFFFF
      FFFFFFFF
      FFFFFFFF
      FFFFFFFF
      FFFFFFFF
      FFFFFFFF
      FFFFFFFF
0000          	if ($ > 1800h)
		endif
		
1100          	last:	end



Statistics:

     4	passes
     0	jr promotions
    91	symbols
   256	bytes

   139	macro calls
  3759	macro bytes
     0	invented symbols
