		; Boot Module for CF - unit select via port CF$BA
			maclib	ram
**** ram.lib ****
**** bcf.asm ****
			maclib	core
**** core.lib ****
**** bcf.asm ****
		
0080          	CF$BA	equ	80h		; CF base port
0088          	CF$DA	equ	CF$BA+8	; CF data port
0089          	CF$ER	equ	CF$BA+9	; CF error register (read)
0089          	CF$FR	equ	CF$BA+9	; CF feature register (write)
008A          	CF$SC	equ	CF$BA+10	; CF sector count
008B          	CF$SE	equ	CF$BA+11	; CF sector number
008C          	CF$CL	equ	CF$BA+12	; CF cylinder low
008D          	CF$CH	equ	CF$BA+13	; CF cylinder high
008E          	CF$DH	equ	CF$BA+14	; CF drive/head
008F          	CF$CS	equ	CF$BA+15	; CF command/status
		
00EF          	CMD$FEA	equ	0efh	; Set Features command
		
0001          	F$8BIT	equ	001h	; enable 8-bit transfer
0082          	F$NOWC	equ	082h	; disable write-cache
		
0046          	drv0	equ	70
0002          	ndrv	equ	2
		
1000          		org	1000h
1000  01      	first:	db	HIGH (last-first)	; +0: num pages
1001  10      		db	HIGH first		; +1: ORG page
1002  4602    		db	drv0,ndrv	; +2,+3: phy drv base, num
		
1004  C31310  		jmp	init	; +4: init entry
1007  C31510  		jmp	boot	; +7: boot entry
		
100A  46      		db	'F'	; +10: Boot command letter
100B  04      		db	4	; +11: front panel key
100C  80      		db	80h	; +12: port, 0 if variable
100D  8D9CFF  		db	10001101b,10011100b,11111111b	; +13: FP display ("CF ")
1010  434600  		db	'CF',0	; +16: mnemonic string
		
1013  AF      	init:	xra	a	; NC
1014  C9      		ret
		
1015          	boot:
			; Partition is passed to bootloader, but we need
			; segment offset before we can start.
			; stack: retL, retH, str0, str1, ...
1015  210200  		lxi	h,2
1018  39      		dad	sp
1019  EB      		xchg		; DE=string
101A  210000  		lxi	h,0	; def seg/lun
101D  225821  		shld	l2156h+2
1020  225A21  		shld	l2156h+4
1023  2E00    		mvi	l,0	; each socket wired as master (drive 0)
1025  3E46    		mvi	a,drv0
1027  323420  		sta	l2034h	; pre-loader expects 70-78 for partn
102A  1A      		ldax	d
102B  13      		inx	d
102C  FEC3    		cpi	0c3h	; JMP means no string present
102E  CA5910  		jz	nostr
1031  B7      		ora	a	; check for "", too
1032  CA5910  		jz	nostr
1035  CDD010  		call	trydig
1038  D24C10  		jnc	gotdig
103B  CDDF10  		call	tryltr
103E  D8      		rc
103F  1A      		ldax	d
1040  13      		inx	d
1041  B7      		ora	a
1042  CA5910  		jz	gotit
1045  CDD010  		call	trydig
1048  D8      		rc
1049  C35610  		jmp	chkend
104C  1A      	gotdig:	ldax	d
104D  13      		inx	d
104E  B7      		ora	a
104F  CA5910  		jz	gotit
1052  CDDF10  		call	tryltr
1055  D8      		rc
1056  1A      	chkend:	ldax	d
1057  B7      		ora	a
1058  C0      		rnz	; max two chars
1059          	gotit:
1059  225621  	nostr:	shld	l2156h	; l2156h[0]=DRV|27:24, l2156h[1]=23:16
105C  3A3121  		lda	AIO$UNI	; 0000000d - 0/1
105F  C601    		adi	1	; 01b/10b
1061  D380    		out	CF$BA	; select CF card
1063  AF      		xra	a
1064  D389    		out	CF$FR	; needed after power-on?
			; select 8-bit mode
1066  3E01    		mvi	a,F$8BIT
1068  D389    		out	CF$FR
106A  3EEF    		mvi	a,CMD$FEA
106C  D38F    		out	CF$CS
106E  CDB610  		call	waitcf
1071  D8      		rc
			; disable write-cache
1072  3E82    		mvi	a,F$NOWC
1074  D389    		out	CF$FR
1076  3EEF    		mvi	a,CMD$FEA
1078  D38F    		out	CF$CS
107A  CDB610  		call	waitcf
107D  D8      		rc
107E  7D      		mov	a,l
107F  F6E0    		ori	11100000b	; LBA mode + std "1" bits
1081  D38E    		out	CF$DH	; LBA 27:4, drive 0, LBA mode
1083  7C      		mov	a,h
1084  D38D    		out	CF$CH	; LBA 23:16
1086  AF      		xra	a
1087  D38C    		out	CF$CL	; LBA 15:8
1089  D38B    		out	CF$SE	; LBA 7:0
108B  3E0A    		mvi	a,10
108D  D38A    		out	CF$SC	; 10 sectors (standard boot length)
108F  3E20    		mvi	a,20h	; READ SECTORS
1091  D38F    		out	CF$CS
1093  218022  		lxi	h,bootbf
1096  0E88    		mvi	c,CF$DA
1098  1E0A    		mvi	e,10	; num sectors
109A  0600    		mvi	b,0	; should always be 0 after inir
109C          	bcf0:
109C  CDB610  		call	waitcf
109F  D8      		rc
10A0  E608    		ani	1000b	; DRQ
10A2  CA9C10  		jz	bcf0
10A5  CDEF10  		call	inir	; 256 bytes
10A8  CDEF10  		call	inir	; 512 bytes
10AB  1D      		dcr	e
10AC  C29C10  		jnz	bcf0
10AF  AF      		xra	a
10B0  D380    		out	CF$BA	; deselect drive
			; final status check?
10B2  E1      		pop	h	; adj stack for possible string
10B3  C33B00  		jmp	hwboot
		
		; Returns A=CF status register byte, or CY for error
		; trashes D, must preserve HL, BC, E
10B6          	waitcf:
10B6  DB8F    		in	CF$CS
10B8  57      		mov	d,a
10B9  B7      		ora	a
10BA  FAB610  		jm	waitcf	; busy
10BD  3E01    		mvi	a,1	; error
10BF  A2      		ana	d
10C0  C2CB10  		jnz	cferr
10C3  3E40    		mvi	a,01000000b	; ready
10C5  A2      		ana	d	; NC
10C6  CACB10  		jz	cferr
10C9  7A      		mov	a,d
10CA  C9      		ret
		
10CB          	cferr:
10CB  AF      		xra	a
10CC  D380    		out	CF$BA	; deselect drive
10CE  37      		stc
10CF  C9      		ret
		
10D0          	trydig:
10D0  FE30    		cpi	'0'	; digit?
10D2  D8      		rc	; error
10D3  FE3A    		cpi	'9'+1	; max 9 partitions
10D5  3F      		cmc
10D6  D8      		rc	; error - or letter
10D7  D630    		sui	'0'
10D9  C646    		adi	drv0
10DB  323420  		sta	l2034h	; pre-loader expects 70-78 for partn
10DE  C9      		ret
		
10DF          	tryltr:
10DF  FE41    		cpi	'A'
10E1  D8      		rc	; error - or digit
10E2  E65F    		ani	5fh	; toupper
10E4  D641    		sui	'A'	; 000sssss
10E6  FE1A    		cpi	26
10E8  3F      		cmc
10E9  D8      		rc
10EA  07      		rlc
10EB  07      		rlc
10EC  07      		rlc		; sssss000
10ED  67      		mov	h,a	; no overlap with DRV
10EE  C9      		ret
		
10EF  79      	inir:	mov	a,c
10F0  32F410  		sta	inir0+1
10F3  DB00    	inir0:	in	0
10F5  77      		mov	m,a
10F6  23      		inx	h
10F7  05      		dcr	b
10F8  C2F310  		jnz	inir0
10FB  C9      		ret
		
10FC  FFFFFFFF		rept	(($+0ffh) and 0ff00h)-$
0000          	if ($ > 1800h)
		endif
		
1100          	last:	end



Statistics:

     4	passes
     0	jr promotions
   105	symbols
   256	bytes

     4	macro calls
    16	macro bytes
     0	invented symbols
