		;;;;;;;;;;;;;;;;;;;;;;;;;;;;;;;;;;;;;;;;;;;;;;;;;;;;;;;;;;
		; Substitute command
		
			maclib	core
**** core.lib ****
**** csubst.asm ****
			maclib	core80
**** core80.lib ****
**** csubst.asm ****
			maclib	ram
**** ram.lib ****
**** csubst.asm ****
		
000D          	CR	equ	13
000A          	LF	equ	10
0007          	BEL	equ	7
		
1000          		org	1000h
1000  01      	first:	db	HIGH (last-first)	; +0
1001  10      		db	HIGH first		; +1
1002  FF00    		db	255,0			; +2,+3
		
1004  C32210  		jmp	init			; +4
1007  C32F10  		jmp	cmdsub			; +7
		
100A  53      		db	'S'			; +10
100B  FF      		db	-1			; +11
100C  00      		db	0			; +12
100D  FFFFFF  		db	11111111b,11111111b,11111111b ; +13...
1010  53756273		db	'Substitute [addr]',0	; +16...
      74697475
      7465205B
      61646472
      5D00
		
1022  AF      	init:	xra	a
1023  C9      		ret
		
1024  75627374	subms:	db	'ubstitute ',0
      69747574
      652000
		
102F          	cmdsub:
102F  212410  		lxi	h,subms
1032  CD4400  		call	msgout
1035  211420  		lxi	h,ABUSS
1038  B7      		ora	a	; NC
1039  160D    		mvi	d,CR
103B  CD2B01  		call	adrin
103E  EB      		xchg
103F          	cmdsub0:
103F  CD2E01  		call	adrnl
1042  7E      		mov	a,m
1043  CD3101  		call	hexout
1046  CD3401  		call	spout
1049          	cmdsub1:
1049  CD2801  		call	hexin
104C  D26D10  		jnc	cmdsub4
104F  FE0D    		cpi	CR
1051  CA6210  		jz	cmdsub2
1054  FE2D    		cpi	'-'
1056  CA6610  		jz	cmdsub3
1059  FE2E    		cpi	'.'
105B  C8      		rz
105C  CD8610  		call	belout
105F  C34910  		jmp	cmdsub1
1062          	cmdsub2:
1062  23      		inx	h
1063  C33F10  		jmp	cmdsub0
1066          	cmdsub3:
1066  CD8810  		call	chrout
1069  2B      		dcx	h
106A  C33F10  		jmp	cmdsub0
106D          	cmdsub4:
106D  3600    		mvi	m,000h
106F          	cmdsub5:
106F  CD8810  		call	chrout
1072  CD2501  		call	hexbin
1075  47      		mov	b,a
1076  7E      		mov	a,m
1077  87      		add	a
1078  87      		add	a
1079  87      		add	a
107A  87      		add	a
107B  80      		add	b
107C  77      		mov	m,a
107D  CD2201  		call	inhexcr
1080  D26210  		jnc	cmdsub2
1083  C36F10  		jmp	cmdsub5
		
1086  3E07    	belout:	mvi	a,BEL
1088  E5      	chrout:	push	h
1089  2A2600  		lhld	conout
108C  E3      		xthl
108D  C9      		ret
		
108E  FFFFFFFF		rept	(($+0ffh) and 0ff00h)-$
      FFFFFFFF
      FFFFFFFF
      FFFFFFFF
      FFFFFFFF
      FFFFFFFF
      FFFFFFFF
      FFFFFFFF
      FFFFFFFF
      FFFFFFFF
      FFFFFFFF
      FFFFFFFF
      FFFFFFFF
      FFFFFFFF
      FFFFFFFF
      FFFFFFFF
      FFFFFFFF
      FFFFFFFF
      FFFFFFFF
      FFFFFFFF
      FFFFFFFF
      FFFFFFFF
      FFFFFFFF
      FFFFFFFF
      FFFFFFFF
      FFFFFFFF
      FFFFFFFF
      FFFFFFFF
      FFFF
		
1100          	last:	end



Statistics:

     4	passes
     0	jr promotions
    98	symbols
   256	bytes

   114	macro calls
    16	macro bytes
     0	invented symbols
